Unity Editor version:    2022.3.32f1 (c8300dc0a3fa)
Branch:                  2022.3/staging
Build type:              Release
Batch mode:              YES
macOS version:           Version 14.5 (Build 23F79)
Darwin version:          23.5.0
Architecture:            arm64
Running under Rosetta:   NO
Available memory:        8192 MB
Using pre-set license
Pro License: YES

COMMAND LINE ARGUMENTS:
/Applications/Unity/Hub/Editor/2022.3.32f1/Unity.app/Contents/MacOS/Unity
-adb2
-batchMode
-noUpm
-name
AssetImportWorker0
-projectPath
/Users/juliastolova/Documents/Way Home/Way-Home/Unity WH
-logFile
Logs/AssetImportWorker0.log
-srvPort
50486
Successfully changed project path to: /Users/juliastolova/Documents/Way Home/Way-Home/Unity WH
/Users/juliastolova/Documents/Way Home/Way-Home/Unity WH
[UnityMemory] Configuration Parameters - Can be set up in boot.config
    "memorysetup-bucket-allocator-granularity=16"
    "memorysetup-bucket-allocator-bucket-count=8"
    "memorysetup-bucket-allocator-block-size=33554432"
    "memorysetup-bucket-allocator-block-count=8"
    "memorysetup-main-allocator-block-size=16777216"
    "memorysetup-thread-allocator-block-size=16777216"
    "memorysetup-gfx-main-allocator-block-size=16777216"
    "memorysetup-gfx-thread-allocator-block-size=16777216"
    "memorysetup-cache-allocator-block-size=4194304"
    "memorysetup-typetree-allocator-block-size=2097152"
    "memorysetup-profiler-bucket-allocator-granularity=16"
    "memorysetup-profiler-bucket-allocator-bucket-count=8"
    "memorysetup-profiler-bucket-allocator-block-size=33554432"
    "memorysetup-profiler-bucket-allocator-block-count=8"
    "memorysetup-profiler-allocator-block-size=16777216"
    "memorysetup-profiler-editor-allocator-block-size=1048576"
    "memorysetup-temp-allocator-size-main=16777216"
    "memorysetup-job-temp-allocator-block-size=2097152"
    "memorysetup-job-temp-allocator-block-size-background=1048576"
    "memorysetup-job-temp-allocator-reduction-small-platforms=262144"
    "memorysetup-allocator-temp-initial-block-size-main=262144"
    "memorysetup-allocator-temp-initial-block-size-worker=262144"
    "memorysetup-temp-allocator-size-background-worker=32768"
    "memorysetup-temp-allocator-size-job-worker=262144"
    "memorysetup-temp-allocator-size-preload-manager=33554432"
    "memorysetup-temp-allocator-size-nav-mesh-worker=65536"
    "memorysetup-temp-allocator-size-audio-worker=65536"
    "memorysetup-temp-allocator-size-cloud-worker=32768"
    "memorysetup-temp-allocator-size-gi-baking-worker=262144"
    "memorysetup-temp-allocator-size-gfx=262144"
Player connection [8632536064] Host "[IP] 192.168.207.254 [Port] 0 [Flags] 2 [Guid] 985892287 [EditorId] 985892287 [Version] 1048832 [Id] OSXEditor(0,MacBook-Pro-Julia.local) [Debug] 1 [PackageName] OSXEditor [ProjectName] Editor" joined multi-casting on [225.0.0.222:54997]...

Player connection [8632536064] Host "[IP] 192.168.207.254 [Port] 0 [Flags] 2 [Guid] 985892287 [EditorId] 985892287 [Version] 1048832 [Id] OSXEditor(0,MacBook-Pro-Julia.local) [Debug] 1 [PackageName] OSXEditor [ProjectName] Editor" joined alternative multi-casting on [225.0.0.222:34997]...

[PhysX] Initialized MultithreadedTaskDispatcher with 8 workers.
Refreshing native plugins compatible for Editor in 37.48 ms, found 2 plugins.
Preloading 0 native plugins for Editor in 0.00 ms.
Initialize engine version: 2022.3.32f1 (c8300dc0a3fa)
[Subsystems] Discovering subsystems at path /Applications/Unity/Hub/Editor/2022.3.32f1/Unity.app/Contents/Resources/UnitySubsystems
[Subsystems] Discovering subsystems at path /Users/juliastolova/Documents/Way Home/Way-Home/Unity WH/Assets
GfxDevice: creating device client; threaded=0; jobified=0
 preferred device: Apple M1 (high power)
Metal devices available: 1
0: Apple M1 (high power)
Using device Apple M1 (high power)
Initializing Metal device caps: Apple M1
Initialize mono
Mono path[0] = '/Applications/Unity/Hub/Editor/2022.3.32f1/Unity.app/Contents/Managed'
Mono path[1] = '/Applications/Unity/Hub/Editor/2022.3.32f1/Unity.app/Contents/MonoBleedingEdge/lib/mono/unityjit-macos'
Mono config path = '/Applications/Unity/Hub/Editor/2022.3.32f1/Unity.app/Contents/MonoBleedingEdge/etc'
Using monoOptions --debugger-agent=transport=dt_socket,embedding=1,server=y,suspend=n,address=127.0.0.1:56474
Begin MonoManager ReloadAssembly
Registering precompiled unity dll's ...
Register platform support module: /Applications/Unity/Hub/Editor/2022.3.32f1/PlaybackEngines/WebGLSupport/UnityEditor.WebGL.Extensions.dll
Register platform support module: /Applications/Unity/Hub/Editor/2022.3.32f1/Unity.app/Contents/PlaybackEngines/MacStandaloneSupport/UnityEditor.OSXStandalone.Extensions.dll
Register platform support module: /Applications/Unity/Hub/Editor/2022.3.32f1/PlaybackEngines/WindowsStandaloneSupport/UnityEditor.WindowsStandalone.Extensions.dll
Registered in 0.006752 seconds.
- Loaded All Assemblies, in  1.243 seconds
Native extension for WindowsStandalone target not found
Native extension for OSXStandalone target not found
Native extension for WebGL target not found
Mono: successfully reloaded assembly
- Finished resetting the current domain, in  0.890 seconds
Domain Reload Profiling: 2135ms
	BeginReloadAssembly (303ms)
		ExecutionOrderSort (0ms)
		DisableScriptedObjects (0ms)
		BackupInstance (0ms)
		ReleaseScriptingObjects (0ms)
		CreateAndSetChildDomain (2ms)
	RebuildCommonClasses (93ms)
	RebuildNativeTypeToScriptingClass (28ms)
	initialDomainReloadingComplete (175ms)
	LoadAllAssembliesAndSetupDomain (644ms)
		LoadAssemblies (311ms)
		RebuildTransferFunctionScriptingTraits (0ms)
		AnalyzeDomain (616ms)
			TypeCache.Refresh (613ms)
				TypeCache.ScanAssembly (492ms)
			ScanForSourceGeneratedMonoScriptInfo (1ms)
			ResolveRequiredComponents (1ms)
	FinalizeReload (891ms)
		ReleaseScriptCaches (0ms)
		RebuildScriptCaches (0ms)
		SetupLoadedEditorAssemblies (694ms)
			LogAssemblyErrors (0ms)
			InitializePlatformSupportModulesInManaged (50ms)
			SetLoadedEditorAssemblies (56ms)
			RefreshPlugins (0ms)
			BeforeProcessingInitializeOnLoad (12ms)
			ProcessInitializeOnLoadAttributes (408ms)
			ProcessInitializeOnLoadMethodAttributes (167ms)
			AfterProcessingInitializeOnLoad (0ms)
			EditorAssembliesLoaded (0ms)
		ExecutionOrderSort2 (0ms)
		AwakeInstancesAfterBackupRestoration (0ms)
========================================================================
Worker process is ready to serve import requests
Begin MonoManager ReloadAssembly
- Loaded All Assemblies, in  3.147 seconds
Refreshing native plugins compatible for Editor in 7.91 ms, found 2 plugins.
Native extension for WindowsStandalone target not found
Native extension for OSXStandalone target not found
Native extension for WebGL target not found
Package Manager log level set to [2]
[Package Manager] Server::EnsureServerProcessIsRunning -- launch failed, reason: Unity was launched with the -noUpm command-line argument
[Package Manager] UpmClient::Send -- Unable to send message (not connected to UPM process).
[Package Manager] Cannot connect to Unity Package Manager local server
Mono: successfully reloaded assembly
- Finished resetting the current domain, in  3.318 seconds
Domain Reload Profiling: 6577ms
	BeginReloadAssembly (708ms)
		ExecutionOrderSort (0ms)
		DisableScriptedObjects (18ms)
		BackupInstance (0ms)
		ReleaseScriptingObjects (1ms)
		CreateAndSetChildDomain (272ms)
	RebuildCommonClasses (125ms)
	RebuildNativeTypeToScriptingClass (59ms)
	initialDomainReloadingComplete (177ms)
	LoadAllAssembliesAndSetupDomain (2186ms)
		LoadAssemblies (1071ms)
		RebuildTransferFunctionScriptingTraits (0ms)
		AnalyzeDomain (1193ms)
			TypeCache.Refresh (984ms)
				TypeCache.ScanAssembly (864ms)
			ScanForSourceGeneratedMonoScriptInfo (134ms)
			ResolveRequiredComponents (46ms)
	FinalizeReload (3323ms)
		ReleaseScriptCaches (0ms)
		RebuildScriptCaches (0ms)
		SetupLoadedEditorAssemblies (2444ms)
			LogAssemblyErrors (0ms)
			InitializePlatformSupportModulesInManaged (52ms)
			SetLoadedEditorAssemblies (15ms)
			RefreshPlugins (0ms)
			BeforeProcessingInitializeOnLoad (282ms)
			ProcessInitializeOnLoadAttributes (1919ms)
			ProcessInitializeOnLoadMethodAttributes (171ms)
			AfterProcessingInitializeOnLoad (3ms)
			EditorAssembliesLoaded (1ms)
		ExecutionOrderSort2 (0ms)
		AwakeInstancesAfterBackupRestoration (10ms)
Launching external process: /Applications/Unity/Hub/Editor/2022.3.32f1/Unity.app/Contents/Tools/UnityShaderCompiler
Launched and connected shader compiler UnityShaderCompiler after 1.80 seconds
Refreshing native plugins compatible for Editor in 6.89 ms, found 2 plugins.
Preloading 0 native plugins for Editor in 0.00 ms.
Unloading 4935 Unused Serialized files (Serialized files now loaded: 0)
Unloading 67 unused Assets / (367.5 KB). Loaded Objects now: 5389.
Memory consumption went from 208.5 MB to 208.1 MB.
Total: 371.802875 ms (FindLiveObjects: 2.772000 ms CreateObjectMapping: 0.410875 ms MarkObjects: 362.109959 ms  DeleteObjects: 6.499875 ms)

AssetImportParameters requested are different than current active one (requested -> active):
  custom:container-demuxer-ogg: 62fdf1f143b41e24485cea50d1cbac27 -> 
  custom:video-decoder-ogg-theora: a1e56fd34408186e4bbccfd4996cb3dc -> 
  custom:CustomObjectIndexerAttribute: 72b91833f83ae208fae7752999fa3104 -> 
  custom:container-demuxer-webm: 4f35f7cbe854078d1ac9338744f61a02 -> 
  custom:container-muxer-webm: aa71ff27fc2769a1b78a27578f13a17b -> 
  custom:video-decoder-webm-vp8: 9c59270c3fd7afecdb556c50c9e8de78 -> 
  custom:SearchIndexIgnoredProperties: e643bd26f0fe6173181afceb89e7c659 -> 
  custom:AudioImporter_EditorPlatform: 3918e3fc78b5a79bad01e8451be0beb8 -> 
  custom:framework-osx-AVFoundation: e770b220cccbd017edd2c1fefb359320 -> 
  custom:video-encoder-webm-vp8: eb34c28f22e8b96e1ab97ce403110664 -> 
  custom:audio-decoder-ogg-vorbis: bf7c407c2cedff20999df2af8eb42d56 -> 
  custom:audio-encoder-webm-vorbis: bf7c407c2cedff20999df2af8eb42d56 -> 
========================================================================
Received Import Request.
  Time since last request: 215508.890008 seconds.
  path: Assets/UniversalRenderPipelineGlobalSettings.asset
  artifactKey: Guid(18dc0cd2c080841dea60987a38ce93fa) Importer(815301076,1909f56bfc062723c751e8b465ee728b)
Start importing Assets/UniversalRenderPipelineGlobalSettings.asset using Guid(18dc0cd2c080841dea60987a38ce93fa) Importer(815301076,1909f56bfc062723c751e8b465ee728b) [PhysX] Initialized MultithreadedTaskDispatcher with 8 workers.
 -> (artifact id: 'ad80ba5e6109085775abba960972809b') in 0.150114 seconds
Number of updated asset objects reloaded before import = 0
Number of asset objects unloaded after import = 1
========================================================================
Received Prepare
Assembly with name 'Unity.PlasticSCM.Editor' already exists (Packages/com.unity.collab-proxy/Editor/Unity.PlasticSCM.Editor.asmdef)
Assembly with name 'Unity.PlasticSCM.Editor' already exists (Packages/com.unity.collab-proxy/Editor/PlasticSCM/Unity.PlasticSCM.Editor.asmdef)
Assembly with name 'Unity.CollabProxy.Editor' already exists (Packages/com.unity.collab-proxy/Editor/Toolbar/Unity.CollabProxy.Editor.asmdef)
Assembly with name 'Unity.CollabProxy.Editor' already exists (Packages/com.unity.collab-proxy/Editor/PlasticSCM/Toolbar/Unity.CollabProxy.Editor.asmdef)
Assembly with name 'Unity.PlasticSCM.Editor' already exists (Packages/com.unity.collab-proxy/Editor/Unity.PlasticSCM.Editor.asmdef)
Assembly with name 'Unity.PlasticSCM.Editor' already exists (Packages/com.unity.collab-proxy/Editor/PlasticSCM/Unity.PlasticSCM.Editor.asmdef)
Assembly with name 'Unity.CollabProxy.Editor' already exists (Packages/com.unity.collab-proxy/Editor/Toolbar/Unity.CollabProxy.Editor.asmdef)
Assembly with name 'Unity.CollabProxy.Editor' already exists (Packages/com.unity.collab-proxy/Editor/PlasticSCM/Toolbar/Unity.CollabProxy.Editor.asmdef)
Begin MonoManager ReloadAssembly
Thread 0x330733000 may have been prematurely finalized
- Loaded All Assemblies, in  4.063 seconds
Refreshing native plugins compatible for Editor in 6.67 ms, found 2 plugins.
Native extension for WindowsStandalone target not found
Native extension for OSXStandalone target not found
Native extension for WebGL target not found
Assembly with name 'Unity.PlasticSCM.Editor' already exists (Packages/com.unity.collab-proxy/Editor/Unity.PlasticSCM.Editor.asmdef)
Assembly with name 'Unity.PlasticSCM.Editor' already exists (Packages/com.unity.collab-proxy/Editor/PlasticSCM/Unity.PlasticSCM.Editor.asmdef)
Assembly with name 'Unity.CollabProxy.Editor' already exists (Packages/com.unity.collab-proxy/Editor/Toolbar/Unity.CollabProxy.Editor.asmdef)
Assembly with name 'Unity.CollabProxy.Editor' already exists (Packages/com.unity.collab-proxy/Editor/PlasticSCM/Toolbar/Unity.CollabProxy.Editor.asmdef)
Mono: successfully reloaded assembly
- Finished resetting the current domain, in  5.356 seconds
Domain Reload Profiling: 9427ms
	BeginReloadAssembly (1318ms)
		ExecutionOrderSort (0ms)
		DisableScriptedObjects (41ms)
		BackupInstance (0ms)
		ReleaseScriptingObjects (1ms)
		CreateAndSetChildDomain (729ms)
	RebuildCommonClasses (123ms)
	RebuildNativeTypeToScriptingClass (37ms)
	initialDomainReloadingComplete (158ms)
	LoadAllAssembliesAndSetupDomain (2432ms)
		LoadAssemblies (1522ms)
		RebuildTransferFunctionScriptingTraits (0ms)
		AnalyzeDomain (1280ms)
			TypeCache.Refresh (1080ms)
				TypeCache.ScanAssembly (817ms)
			ScanForSourceGeneratedMonoScriptInfo (132ms)
			ResolveRequiredComponents (58ms)
	FinalizeReload (5359ms)
		ReleaseScriptCaches (0ms)
		RebuildScriptCaches (0ms)
		SetupLoadedEditorAssemblies (2371ms)
			LogAssemblyErrors (2ms)
			InitializePlatformSupportModulesInManaged (27ms)
			SetLoadedEditorAssemblies (37ms)
			RefreshPlugins (0ms)
			BeforeProcessingInitializeOnLoad (319ms)
			ProcessInitializeOnLoadAttributes (1831ms)
			ProcessInitializeOnLoadMethodAttributes (153ms)
			AfterProcessingInitializeOnLoad (2ms)
			EditorAssembliesLoaded (1ms)
		ExecutionOrderSort2 (0ms)
		AwakeInstancesAfterBackupRestoration (35ms)
Refreshing native plugins compatible for Editor in 14.65 ms, found 2 plugins.
Preloading 0 native plugins for Editor in 0.00 ms.
Unloading 4816 Unused Serialized files (Serialized files now loaded: 0)
Unloading 42 unused Assets / (347.2 KB). Loaded Objects now: 5449.
Memory consumption went from 191.4 MB to 191.1 MB.
Total: 121.259333 ms (FindLiveObjects: 1.953875 ms CreateObjectMapping: 0.723334 ms MarkObjects: 114.991709 ms  DeleteObjects: 3.586708 ms)

Prepare: number of updated asset objects reloaded= 3
AssetImportParameters requested are different than current active one (requested -> active):
  custom:container-demuxer-ogg: 62fdf1f143b41e24485cea50d1cbac27 -> 
  custom:video-decoder-ogg-theora: a1e56fd34408186e4bbccfd4996cb3dc -> 
  custom:CustomObjectIndexerAttribute: 72b91833f83ae208fae7752999fa3104 -> 
  custom:container-demuxer-webm: 4f35f7cbe854078d1ac9338744f61a02 -> 
  custom:container-muxer-webm: aa71ff27fc2769a1b78a27578f13a17b -> 
  custom:video-decoder-webm-vp8: 9c59270c3fd7afecdb556c50c9e8de78 -> 
  custom:SearchIndexIgnoredProperties: e643bd26f0fe6173181afceb89e7c659 -> 
  custom:AudioImporter_EditorPlatform: 3918e3fc78b5a79bad01e8451be0beb8 -> 
  custom:framework-osx-AVFoundation: e770b220cccbd017edd2c1fefb359320 -> 
  custom:video-encoder-webm-vp8: eb34c28f22e8b96e1ab97ce403110664 -> 
  custom:audio-decoder-ogg-vorbis: bf7c407c2cedff20999df2af8eb42d56 -> 
  custom:audio-encoder-webm-vorbis: bf7c407c2cedff20999df2af8eb42d56 -> 
========================================================================
Received Import Request.
  Time since last request: 451.995734 seconds.
  path: Assets/TutorialInfo
  artifactKey: Guid(ba062aa6c92b140379dbc06b43dd3b9b) Importer(815301076,1909f56bfc062723c751e8b465ee728b)
Start importing Assets/TutorialInfo using Guid(ba062aa6c92b140379dbc06b43dd3b9b) Importer(815301076,1909f56bfc062723c751e8b465ee728b) [PhysX] Initialized MultithreadedTaskDispatcher with 8 workers.
 -> (artifact id: 'e6c190d8c542ae906cea5f7cb472009c') in 0.124574 seconds
Number of updated asset objects reloaded before import = 3
Number of asset objects unloaded after import = 0
========================================================================
Received Import Request.
  Time since last request: 8.222950 seconds.
  path: Assets/Exported models
  artifactKey: Guid(1ba3dc5360a96457b925db32d11eefb8) Importer(815301076,1909f56bfc062723c751e8b465ee728b)
Start importing Assets/Exported models using Guid(1ba3dc5360a96457b925db32d11eefb8) Importer(815301076,1909f56bfc062723c751e8b465ee728b) [PhysX] Initialized MultithreadedTaskDispatcher with 8 workers.
 -> (artifact id: 'd6cf0ac5779cdfe6acabfa63f031f3fb') in 0.031926 seconds
Number of updated asset objects reloaded before import = 0
Number of asset objects unloaded after import = 0
========================================================================
Received Import Request.
  Time since last request: 2.119064 seconds.
  path: Assets/Exported models/Game Assets
  artifactKey: Guid(68e9767584be94d5796d7684ba7d0f8c) Importer(815301076,1909f56bfc062723c751e8b465ee728b)
Start importing Assets/Exported models/Game Assets using Guid(68e9767584be94d5796d7684ba7d0f8c) Importer(815301076,1909f56bfc062723c751e8b465ee728b) [PhysX] Initialized MultithreadedTaskDispatcher with 8 workers.
 -> (artifact id: '43237edb033d0e200c116dff43175ad7') in 0.023774 seconds
Number of updated asset objects reloaded before import = 0
Number of asset objects unloaded after import = 0
========================================================================
Received Import Request.
  Time since last request: 0.838737 seconds.
  path: Assets/Exported models/Game Assets/Structures
  artifactKey: Guid(3bba1a51cfbc04955996c813ee36dc20) Importer(815301076,1909f56bfc062723c751e8b465ee728b)
Start importing Assets/Exported models/Game Assets/Structures using Guid(3bba1a51cfbc04955996c813ee36dc20) Importer(815301076,1909f56bfc062723c751e8b465ee728b) [PhysX] Initialized MultithreadedTaskDispatcher with 8 workers.
 -> (artifact id: '9c801f53de7e79ed4034b6d07dc56fc7') in 0.005125 seconds
Number of updated asset objects reloaded before import = 0
Number of asset objects unloaded after import = 0
========================================================================
Received Import Request.
  Time since last request: 1.845136 seconds.
  path: Assets/Exported models/Game Assets/Structures/Walls
  artifactKey: Guid(4b1977ea0d48b458085c79e45e8040d2) Importer(815301076,1909f56bfc062723c751e8b465ee728b)
Start importing Assets/Exported models/Game Assets/Structures/Walls using Guid(4b1977ea0d48b458085c79e45e8040d2) Importer(815301076,1909f56bfc062723c751e8b465ee728b) [PhysX] Initialized MultithreadedTaskDispatcher with 8 workers.
 -> (artifact id: '47d317dfb3422b656260e916fd257424') in 0.006200 seconds
Number of updated asset objects reloaded before import = 0
Number of asset objects unloaded after import = 0
========================================================================
Received Import Request.
  Time since last request: 0.255649 seconds.
  path: Assets/Exported models/Game Assets/Structures/Walls/Corner A.fbx
  artifactKey: Guid(9c03f8e21b3d3426e88c9008dd969e75) Importer(815301076,1909f56bfc062723c751e8b465ee728b)
Start importing Assets/Exported models/Game Assets/Structures/Walls/Corner A.fbx using Guid(9c03f8e21b3d3426e88c9008dd969e75) Importer(815301076,1909f56bfc062723c751e8b465ee728b) [PhysX] Initialized MultithreadedTaskDispatcher with 8 workers.
[PhysX] Initialized MultithreadedTaskDispatcher with 8 workers.
[PhysX] Initialized MultithreadedTaskDispatcher with 8 workers.
[PhysX] Initialized MultithreadedTaskDispatcher with 8 workers.
[PhysX] Initialized MultithreadedTaskDispatcher with 8 workers.
 -> (artifact id: '58e721bbf07c9698c28065035b39ee49') in 19.199146 seconds
Number of updated asset objects reloaded before import = 0
Number of asset objects unloaded after import = 29
========================================================================
Received Import Request.
  Time since last request: 16.615606 seconds.
  path: Assets/Exported models/Game Assets/Structures/Walls/Corner A.fbx
  artifactKey: Guid(9c03f8e21b3d3426e88c9008dd969e75) Importer(815301076,1909f56bfc062723c751e8b465ee728b)
Start importing Assets/Exported models/Game Assets/Structures/Walls/Corner A.fbx using Guid(9c03f8e21b3d3426e88c9008dd969e75) Importer(815301076,1909f56bfc062723c751e8b465ee728b) [PhysX] Initialized MultithreadedTaskDispatcher with 8 workers.
[PhysX] Initialized MultithreadedTaskDispatcher with 8 workers.
[PhysX] Initialized MultithreadedTaskDispatcher with 8 workers.
[PhysX] Initialized MultithreadedTaskDispatcher with 8 workers.
[PhysX] Initialized MultithreadedTaskDispatcher with 8 workers.
 -> (artifact id: '1ba85718addf129ad2ed1c9115f7eb0d') in 0.343234 seconds
Number of updated asset objects reloaded before import = 0
Number of asset objects unloaded after import = 12
========================================================================
Received Import Request.
  Time since last request: 0.005061 seconds.
  path: Assets/Exported models/Game Assets/Structures/Walls/Wall Inside.fbx
  artifactKey: Guid(71b4a2b5ff597400884492626d65a0e1) Importer(815301076,1909f56bfc062723c751e8b465ee728b)
Start importing Assets/Exported models/Game Assets/Structures/Walls/Wall Inside.fbx using Guid(71b4a2b5ff597400884492626d65a0e1) Importer(815301076,1909f56bfc062723c751e8b465ee728b) [PhysX] Initialized MultithreadedTaskDispatcher with 8 workers.
[PhysX] Initialized MultithreadedTaskDispatcher with 8 workers.
[PhysX] Initialized MultithreadedTaskDispatcher with 8 workers.
[PhysX] Initialized MultithreadedTaskDispatcher with 8 workers.
 -> (artifact id: '2d597a9a8ada588e75421458a0e91909') in 0.104711 seconds
Number of updated asset objects reloaded before import = 0
Number of asset objects unloaded after import = 10
========================================================================
Received Import Request.
  Time since last request: 0.001758 seconds.
  path: Assets/Exported models/Game Assets/Structures/Walls/Door frame A.fbx
  artifactKey: Guid(1f28c39dd8e8c4050830f8a23eb3dbb7) Importer(815301076,1909f56bfc062723c751e8b465ee728b)
Start importing Assets/Exported models/Game Assets/Structures/Walls/Door frame A.fbx using Guid(1f28c39dd8e8c4050830f8a23eb3dbb7) Importer(815301076,1909f56bfc062723c751e8b465ee728b) [PhysX] Initialized MultithreadedTaskDispatcher with 8 workers.
[PhysX] Initialized MultithreadedTaskDispatcher with 8 workers.
[PhysX] Initialized MultithreadedTaskDispatcher with 8 workers.
[PhysX] Initialized MultithreadedTaskDispatcher with 8 workers.
[PhysX] Initialized MultithreadedTaskDispatcher with 8 workers.
 -> (artifact id: '1cf875e02e8d1ff8e10f78c211a41710') in 0.084072 seconds
Number of updated asset objects reloaded before import = 0
Number of asset objects unloaded after import = 12
========================================================================
Received Import Request.
  Time since last request: 0.000172 seconds.
  path: Assets/Exported models/Game Assets/Structures/Walls/Window A.fbx
  artifactKey: Guid(c5191bc8687474f9e8546aeb9af02aae) Importer(815301076,1909f56bfc062723c751e8b465ee728b)
Start importing Assets/Exported models/Game Assets/Structures/Walls/Window A.fbx using Guid(c5191bc8687474f9e8546aeb9af02aae) Importer(815301076,1909f56bfc062723c751e8b465ee728b) [PhysX] Initialized MultithreadedTaskDispatcher with 8 workers.
[PhysX] Initialized MultithreadedTaskDispatcher with 8 workers.
[PhysX] Initialized MultithreadedTaskDispatcher with 8 workers.
[PhysX] Initialized MultithreadedTaskDispatcher with 8 workers.
[PhysX] Initialized MultithreadedTaskDispatcher with 8 workers.
[PhysX] Initialized MultithreadedTaskDispatcher with 8 workers.
 -> (artifact id: '292d5495e6ec75eac7bdc3a32d23ba72') in 10.198445 seconds
Number of updated asset objects reloaded before import = 0
Number of asset objects unloaded after import = 13
========================================================================
Received Import Request.
  Time since last request: 0.000588 seconds.
  path: Assets/Exported models/Game Assets/Structures/Walls/Door frame Inside.fbx
  artifactKey: Guid(169811e5dec48467f8a1191f1ef2742c) Importer(815301076,1909f56bfc062723c751e8b465ee728b)
Start importing Assets/Exported models/Game Assets/Structures/Walls/Door frame Inside.fbx using Guid(169811e5dec48467f8a1191f1ef2742c) Importer(815301076,1909f56bfc062723c751e8b465ee728b) [PhysX] Initialized MultithreadedTaskDispatcher with 8 workers.
[PhysX] Initialized MultithreadedTaskDispatcher with 8 workers.
[PhysX] Initialized MultithreadedTaskDispatcher with 8 workers.
[PhysX] Initialized MultithreadedTaskDispatcher with 8 workers.
 -> (artifact id: 'f86143ed5966bb0cb51beb9af691b4d6') in 0.194073 seconds
Number of updated asset objects reloaded before import = 0
Number of asset objects unloaded after import = 10
========================================================================
Received Import Request.
  Time since last request: 0.010131 seconds.
  path: Assets/Exported models/Game Assets/Structures/Walls/Wall top A.fbx
  artifactKey: Guid(96cba4e9d01ac4477a5456b56d9eb603) Importer(815301076,1909f56bfc062723c751e8b465ee728b)
Start importing Assets/Exported models/Game Assets/Structures/Walls/Wall top A.fbx using Guid(96cba4e9d01ac4477a5456b56d9eb603) Importer(815301076,1909f56bfc062723c751e8b465ee728b) [PhysX] Initialized MultithreadedTaskDispatcher with 8 workers.
[PhysX] Initialized MultithreadedTaskDispatcher with 8 workers.
[PhysX] Initialized MultithreadedTaskDispatcher with 8 workers.
[PhysX] Initialized MultithreadedTaskDispatcher with 8 workers.
[PhysX] Initialized MultithreadedTaskDispatcher with 8 workers.
 -> (artifact id: '278c01a643f6d5608af33027094b3e1c') in 0.133972 seconds
Number of updated asset objects reloaded before import = 0
Number of asset objects unloaded after import = 12
========================================================================
Received Import Request.
  Time since last request: 0.024452 seconds.
  path: Assets/Exported models/Game Assets/Structures/Walls/Window top A.fbx
  artifactKey: Guid(4688dad9ccaaa42c29a05e52a26891a4) Importer(815301076,1909f56bfc062723c751e8b465ee728b)
Start importing Assets/Exported models/Game Assets/Structures/Walls/Window top A.fbx using Guid(4688dad9ccaaa42c29a05e52a26891a4) Importer(815301076,1909f56bfc062723c751e8b465ee728b) [PhysX] Initialized MultithreadedTaskDispatcher with 8 workers.
[PhysX] Initialized MultithreadedTaskDispatcher with 8 workers.
[PhysX] Initialized MultithreadedTaskDispatcher with 8 workers.
[PhysX] Initialized MultithreadedTaskDispatcher with 8 workers.
[PhysX] Initialized MultithreadedTaskDispatcher with 8 workers.
[PhysX] Initialized MultithreadedTaskDispatcher with 8 workers.
 -> (artifact id: '297a8642c0cbbd84320db52c69ab6203') in 0.134038 seconds
Number of updated asset objects reloaded before import = 0
Number of asset objects unloaded after import = 13
========================================================================
Received Import Request.
  Time since last request: 0.011138 seconds.
  path: Assets/Exported models/Game Assets/Structures/Walls/Wall top B.fbx
  artifactKey: Guid(4badb80506463468cad806dc875c1114) Importer(815301076,1909f56bfc062723c751e8b465ee728b)
Start importing Assets/Exported models/Game Assets/Structures/Walls/Wall top B.fbx using Guid(4badb80506463468cad806dc875c1114) Importer(815301076,1909f56bfc062723c751e8b465ee728b) [PhysX] Initialized MultithreadedTaskDispatcher with 8 workers.
[PhysX] Initialized MultithreadedTaskDispatcher with 8 workers.
[PhysX] Initialized MultithreadedTaskDispatcher with 8 workers.
[PhysX] Initialized MultithreadedTaskDispatcher with 8 workers.
[PhysX] Initialized MultithreadedTaskDispatcher with 8 workers.
 -> (artifact id: 'd5e200976c91757ac3eb3ae6fd920e8c') in 0.129417 seconds
Number of updated asset objects reloaded before import = 0
Number of asset objects unloaded after import = 12
========================================================================
Received Import Request.
  Time since last request: 3.311244 seconds.
  path: Assets/Exported models/Game Assets/Structures/Floor
  artifactKey: Guid(8f968603a7aa648ad87cffd865033f9f) Importer(815301076,1909f56bfc062723c751e8b465ee728b)
Start importing Assets/Exported models/Game Assets/Structures/Floor using Guid(8f968603a7aa648ad87cffd865033f9f) Importer(815301076,1909f56bfc062723c751e8b465ee728b) [PhysX] Initialized MultithreadedTaskDispatcher with 8 workers.
 -> (artifact id: 'ad9c801249c69ce9f724959d9bca550d') in 0.046240 seconds
Number of updated asset objects reloaded before import = 0
Number of asset objects unloaded after import = 0
========================================================================
Received Import Request.
  Time since last request: 0.153905 seconds.
  path: Assets/Exported models/Game Assets/Structures/Floor/1x1 Carpet.fbx
  artifactKey: Guid(b8c0e1bb201b64c398713799c2674862) Importer(815301076,1909f56bfc062723c751e8b465ee728b)
Start importing Assets/Exported models/Game Assets/Structures/Floor/1x1 Carpet.fbx using Guid(b8c0e1bb201b64c398713799c2674862) Importer(815301076,1909f56bfc062723c751e8b465ee728b) [PhysX] Initialized MultithreadedTaskDispatcher with 8 workers.
[PhysX] Initialized MultithreadedTaskDispatcher with 8 workers.
[PhysX] Initialized MultithreadedTaskDispatcher with 8 workers.
[PhysX] Initialized MultithreadedTaskDispatcher with 8 workers.
 -> (artifact id: 'a760e126caf5fd4c73f5692e6b1b42bb') in 0.390878 seconds
Number of updated asset objects reloaded before import = 0
Number of asset objects unloaded after import = 10
========================================================================
Received Import Request.
  Time since last request: 0.215355 seconds.
  path: Assets/Exported models/Game Assets/Structures/Floor/4x4 Planks-A.fbx
  artifactKey: Guid(81f6227327f9549b783b91b45a52eebe) Importer(815301076,1909f56bfc062723c751e8b465ee728b)
Start importing Assets/Exported models/Game Assets/Structures/Floor/4x4 Planks-A.fbx using Guid(81f6227327f9549b783b91b45a52eebe) Importer(815301076,1909f56bfc062723c751e8b465ee728b) [PhysX] Initialized MultithreadedTaskDispatcher with 8 workers.
[PhysX] Initialized MultithreadedTaskDispatcher with 8 workers.
[PhysX] Initialized MultithreadedTaskDispatcher with 8 workers.
[PhysX] Initialized MultithreadedTaskDispatcher with 8 workers.
 -> (artifact id: '740e0511638562ac4e17cdea236242be') in 0.204303 seconds
Number of updated asset objects reloaded before import = 0
Number of asset objects unloaded after import = 9
========================================================================
Received Import Request.
  Time since last request: 0.148706 seconds.
  path: Assets/Exported models/Game Assets/Structures/Floor/2x2 Planks-B.fbx
  artifactKey: Guid(74038fee24fb144248311bf90d59416b) Importer(815301076,1909f56bfc062723c751e8b465ee728b)
Start importing Assets/Exported models/Game Assets/Structures/Floor/2x2 Planks-B.fbx using Guid(74038fee24fb144248311bf90d59416b) Importer(815301076,1909f56bfc062723c751e8b465ee728b) [PhysX] Initialized MultithreadedTaskDispatcher with 8 workers.
[PhysX] Initialized MultithreadedTaskDispatcher with 8 workers.
[PhysX] Initialized MultithreadedTaskDispatcher with 8 workers.
[PhysX] Initialized MultithreadedTaskDispatcher with 8 workers.
 -> (artifact id: 'c6e2b4231e63a7522f056c2a8e23cd0e') in 0.169016 seconds
Number of updated asset objects reloaded before import = 0
Number of asset objects unloaded after import = 10
========================================================================
Received Import Request.
  Time since last request: 0.015482 seconds.
  path: Assets/Exported models/Game Assets/Structures/Floor/1x1 Planks-B.fbx
  artifactKey: Guid(1a7a7442f34c74e8dbfda51e164d2090) Importer(815301076,1909f56bfc062723c751e8b465ee728b)
Start importing Assets/Exported models/Game Assets/Structures/Floor/1x1 Planks-B.fbx using Guid(1a7a7442f34c74e8dbfda51e164d2090) Importer(815301076,1909f56bfc062723c751e8b465ee728b) [PhysX] Initialized MultithreadedTaskDispatcher with 8 workers.
[PhysX] Initialized MultithreadedTaskDispatcher with 8 workers.
[PhysX] Initialized MultithreadedTaskDispatcher with 8 workers.
[PhysX] Initialized MultithreadedTaskDispatcher with 8 workers.
 -> (artifact id: '7334212a214af78e2d0c808e47ce1ad4') in 0.081802 seconds
Number of updated asset objects reloaded before import = 0
Number of asset objects unloaded after import = 10
========================================================================
Received Import Request.
  Time since last request: 0.003150 seconds.
  path: Assets/Exported models/Game Assets/Structures/Floor/1x1 Tile-B.fbx
  artifactKey: Guid(7d8dd221afb1d42d888017b1a79f2e9d) Importer(815301076,1909f56bfc062723c751e8b465ee728b)
Start importing Assets/Exported models/Game Assets/Structures/Floor/1x1 Tile-B.fbx using Guid(7d8dd221afb1d42d888017b1a79f2e9d) Importer(815301076,1909f56bfc062723c751e8b465ee728b) [PhysX] Initialized MultithreadedTaskDispatcher with 8 workers.
[PhysX] Initialized MultithreadedTaskDispatcher with 8 workers.
[PhysX] Initialized MultithreadedTaskDispatcher with 8 workers.
[PhysX] Initialized MultithreadedTaskDispatcher with 8 workers.
 -> (artifact id: 'abf72b020b97574bffa38d8c41521195') in 0.099786 seconds
Number of updated asset objects reloaded before import = 0
Number of asset objects unloaded after import = 10
========================================================================
Received Import Request.
  Time since last request: 0.007314 seconds.
  path: Assets/Exported models/Game Assets/Structures/Floor/4x4 Tile.fbx
  artifactKey: Guid(3613842ce87c441eab6965d839add185) Importer(815301076,1909f56bfc062723c751e8b465ee728b)
Start importing Assets/Exported models/Game Assets/Structures/Floor/4x4 Tile.fbx using Guid(3613842ce87c441eab6965d839add185) Importer(815301076,1909f56bfc062723c751e8b465ee728b) [PhysX] Initialized MultithreadedTaskDispatcher with 8 workers.
[PhysX] Initialized MultithreadedTaskDispatcher with 8 workers.
[PhysX] Initialized MultithreadedTaskDispatcher with 8 workers.
[PhysX] Initialized MultithreadedTaskDispatcher with 8 workers.
 -> (artifact id: '3dd61323edcc2c6731053ccce092d63c') in 0.116841 seconds
Number of updated asset objects reloaded before import = 0
Number of asset objects unloaded after import = 10
========================================================================
Received Import Request.
  Time since last request: 0.280012 seconds.
  path: Assets/Exported models/Game Assets/Structures/Floor/1x1 Tile-A.fbx
  artifactKey: Guid(fc7f9241de1674be39219c86bb518fbe) Importer(815301076,1909f56bfc062723c751e8b465ee728b)
Start importing Assets/Exported models/Game Assets/Structures/Floor/1x1 Tile-A.fbx using Guid(fc7f9241de1674be39219c86bb518fbe) Importer(815301076,1909f56bfc062723c751e8b465ee728b) [PhysX] Initialized MultithreadedTaskDispatcher with 8 workers.
[PhysX] Initialized MultithreadedTaskDispatcher with 8 workers.
[PhysX] Initialized MultithreadedTaskDispatcher with 8 workers.
[PhysX] Initialized MultithreadedTaskDispatcher with 8 workers.
 -> (artifact id: '5ebae8eb90a0f320b110182f056f620c') in 0.192654 seconds
Number of updated asset objects reloaded before import = 0
Number of asset objects unloaded after import = 10
========================================================================
Received Import Request.
  Time since last request: 5.039860 seconds.
  path: Assets/Exported models/Game Assets/Structures/Door
  artifactKey: Guid(f7b33c216d6d940a48c9099864dec313) Importer(815301076,1909f56bfc062723c751e8b465ee728b)
Start importing Assets/Exported models/Game Assets/Structures/Door using Guid(f7b33c216d6d940a48c9099864dec313) Importer(815301076,1909f56bfc062723c751e8b465ee728b) [PhysX] Initialized MultithreadedTaskDispatcher with 8 workers.
 -> (artifact id: '722f98e89d344931a1d83df4d6c1117f') in 0.031447 seconds
Number of updated asset objects reloaded before import = 0
Number of asset objects unloaded after import = 0
========================================================================
Received Import Request.
  Time since last request: 0.008184 seconds.
  path: Assets/Exported models/Game Assets/Structures/Door/Door B.fbx
  artifactKey: Guid(67b9d51b073d44cd8a44cab329639954) Importer(815301076,1909f56bfc062723c751e8b465ee728b)
Start importing Assets/Exported models/Game Assets/Structures/Door/Door B.fbx using Guid(67b9d51b073d44cd8a44cab329639954) Importer(815301076,1909f56bfc062723c751e8b465ee728b) [PhysX] Initialized MultithreadedTaskDispatcher with 8 workers.
[PhysX] Initialized MultithreadedTaskDispatcher with 8 workers.
[PhysX] Initialized MultithreadedTaskDispatcher with 8 workers.
[PhysX] Initialized MultithreadedTaskDispatcher with 8 workers.
[PhysX] Initialized MultithreadedTaskDispatcher with 8 workers.
[PhysX] Initialized MultithreadedTaskDispatcher with 8 workers.
 -> (artifact id: '9fe1dca35124b5d428e7e9bb374b12a9') in 0.344580 seconds
Number of updated asset objects reloaded before import = 0
Number of asset objects unloaded after import = 12
========================================================================
Received Import Request.
  Time since last request: 0.009523 seconds.
  path: Assets/Exported models/Game Assets/Structures/Door/Door-A.fbx
  artifactKey: Guid(013687961d6fc4502b4459840e4267f9) Importer(815301076,1909f56bfc062723c751e8b465ee728b)
Start importing Assets/Exported models/Game Assets/Structures/Door/Door-A.fbx using Guid(013687961d6fc4502b4459840e4267f9) Importer(815301076,1909f56bfc062723c751e8b465ee728b) [PhysX] Initialized MultithreadedTaskDispatcher with 8 workers.
[PhysX] Initialized MultithreadedTaskDispatcher with 8 workers.
[PhysX] Initialized MultithreadedTaskDispatcher with 8 workers.
[PhysX] Initialized MultithreadedTaskDispatcher with 8 workers.
[PhysX] Initialized MultithreadedTaskDispatcher with 8 workers.
 -> (artifact id: 'bb15d043bb27afde22af374e0383086c') in 0.114086 seconds
Number of updated asset objects reloaded before import = 0
Number of asset objects unloaded after import = 11
========================================================================
Received Import Request.
  Time since last request: 43.729161 seconds.
  path: Assets/Exported models/Game Assets/Structures/Ceiling
  artifactKey: Guid(6ca6171b0c8504d1c8ef44be4c3f06ba) Importer(815301076,1909f56bfc062723c751e8b465ee728b)
Start importing Assets/Exported models/Game Assets/Structures/Ceiling using Guid(6ca6171b0c8504d1c8ef44be4c3f06ba) Importer(815301076,1909f56bfc062723c751e8b465ee728b) [PhysX] Initialized MultithreadedTaskDispatcher with 8 workers.
 -> (artifact id: '750409ab289f88fbfa7a5a394df9b49e') in 0.005469 seconds
Number of updated asset objects reloaded before import = 0
Number of asset objects unloaded after import = 0
========================================================================
Received Import Request.
  Time since last request: 0.000457 seconds.
  path: Assets/Exported models/Game Assets/Structures/Ceiling/4x4 Ceiling.fbx
  artifactKey: Guid(1100462f36216402db3098b7d631ea60) Importer(815301076,1909f56bfc062723c751e8b465ee728b)
Start importing Assets/Exported models/Game Assets/Structures/Ceiling/4x4 Ceiling.fbx using Guid(1100462f36216402db3098b7d631ea60) Importer(815301076,1909f56bfc062723c751e8b465ee728b) [PhysX] Initialized MultithreadedTaskDispatcher with 8 workers.
[PhysX] Initialized MultithreadedTaskDispatcher with 8 workers.
[PhysX] Initialized MultithreadedTaskDispatcher with 8 workers.
[PhysX] Initialized MultithreadedTaskDispatcher with 8 workers.
 -> (artifact id: 'b9a6a220fa77a1fa3dad867673d3e7e3') in 0.223527 seconds
Number of updated asset objects reloaded before import = 0
Number of asset objects unloaded after import = 10
========================================================================
Received Import Request.
  Time since last request: 5.831468 seconds.
  path: Assets/Exported models/Characters
  artifactKey: Guid(fd156c9b9d068420d97dcac0448f3b40) Importer(815301076,1909f56bfc062723c751e8b465ee728b)
Start importing Assets/Exported models/Characters using Guid(fd156c9b9d068420d97dcac0448f3b40) Importer(815301076,1909f56bfc062723c751e8b465ee728b) [PhysX] Initialized MultithreadedTaskDispatcher with 8 workers.
 -> (artifact id: 'cf50b6e3dc3692309c08adb17f18b824') in 0.031262 seconds
Number of updated asset objects reloaded before import = 0
Number of asset objects unloaded after import = 0
========================================================================
Received Import Request.
  Time since last request: 0.693696 seconds.
  path: Assets/Exported models/Characters/MainCharacter
  artifactKey: Guid(c46954781ffee4a6498deb9425219a65) Importer(815301076,1909f56bfc062723c751e8b465ee728b)
Start importing Assets/Exported models/Characters/MainCharacter using Guid(c46954781ffee4a6498deb9425219a65) Importer(815301076,1909f56bfc062723c751e8b465ee728b) [PhysX] Initialized MultithreadedTaskDispatcher with 8 workers.
 -> (artifact id: '4993bface16c3a1e53f0feba38384af3') in 0.002404 seconds
Number of updated asset objects reloaded before import = 0
Number of asset objects unloaded after import = 0
========================================================================
Received Import Request.
  Time since last request: 0.152199 seconds.
  path: Assets/Exported models/Characters/MainCharacter/main-character.fbx
  artifactKey: Guid(763b7edcddf934e6e9085582a92c1324) Importer(815301076,1909f56bfc062723c751e8b465ee728b)
Start importing Assets/Exported models/Characters/MainCharacter/main-character.fbx using Guid(763b7edcddf934e6e9085582a92c1324) Importer(815301076,1909f56bfc062723c751e8b465ee728b) [PhysX] Initialized MultithreadedTaskDispatcher with 8 workers.
[PhysX] Initialized MultithreadedTaskDispatcher with 8 workers.
[PhysX] Initialized MultithreadedTaskDispatcher with 8 workers.
[PhysX] Initialized MultithreadedTaskDispatcher with 8 workers.
[PhysX] Initialized MultithreadedTaskDispatcher with 8 workers.
[PhysX] Initialized MultithreadedTaskDispatcher with 8 workers.
[PhysX] Initialized MultithreadedTaskDispatcher with 8 workers.
[PhysX] Initialized MultithreadedTaskDispatcher with 8 workers.
[PhysX] Initialized MultithreadedTaskDispatcher with 8 workers.
[PhysX] Initialized MultithreadedTaskDispatcher with 8 workers.
[PhysX] Initialized MultithreadedTaskDispatcher with 8 workers.
[PhysX] Initialized MultithreadedTaskDispatcher with 8 workers.
[PhysX] Initialized MultithreadedTaskDispatcher with 8 workers.
 -> (artifact id: 'ebff5229db7cacd9e4004456de50e0e6') in 0.881212 seconds
Number of updated asset objects reloaded before import = 0
Number of asset objects unloaded after import = 167
